── heritage Wikidata resolution: 183 railways ──
  aberystwyth-cliff-railway: Aberystwyth Cliff Railway [title+geo] qid=Q4667224 site=yes
  alford-valley-railway: Alford Valley Railway [title+geo] qid=Q4722153 site=yes
  almond-valley-heritage-centre: Almond Valley Light Railway [geo] qid=Q4733895 site=yes [geo-only-title-differs]
  almond-valley-light-railway: Almond Valley Light Railway [title] qid=Q4733895 site=yes [no-center]
  aln-valley-railway: Alnwick branch line [geo] qid=Q113991330 site=no [geo-only-title-differs]
  amberley-museum-railway: Amberley Museum Railway [title+geo] qid=Q4741358 site=yes
  amerton-railway: Amerton Railway [title+geo] qid=Q4745832 site=yes
  apedale-valley-light-railway: UNRESOLVED
  avon-valley-railway: Avon Valley Railway [title+geo] qid=Q4829247 site=yes
  babbacombe-cliff-railway: Babbacombe Cliff Railway [title+geo] qid=Q4837575 site=no
   10/183 (checkpoint saved)
  bala-lake-railway: Bala Lake Railway [title+geo] qid=Q804578 site=yes
  barrow-hill-engine-shed-society: Barrow Hill Roundhouse [geo] qid=Q4863884 site=no [geo-only-title-differs]
  barrow-hill-roundhouse: Barrow Hill Roundhouse [title+geo] qid=Q4863884 site=no
  beamish-museum: Beamish Museum [title+geo] qid=Q252417 site=yes
  black-country-living-museum: Black Country Living Museum [title+geo] qid=Q880185 site=yes
  blists-hill-victorian-town: Blists Hill Victorian Town [title+geo] qid=Q4926919 site=yes
  bluebell-railway: Bluebell Railway [title+geo] qid=Q2187487 site=yes
  boness-and-kinneil-railway: Kinneil railway station [geo] qid=Q6414054 site=no [geo-only-title-differs]
  bodmin-and-wenford-railway: Bodmin Parkway railway station [geo] qid=Q2838818 site=no [geo-only-title-differs]
  bowes-railway: Bowes Railway [title] qid=Q4950957 site=yes [no-center]
   20/183 (checkpoint saved)
  brecon-mountain-railway: Brecon Mountain Railway [title+geo] qid=Q4096262 site=yes
  bridgnorth-cliff-railway: Bridgnorth Cliff Railway [title+geo] qid=Q4966907 site=no
  bristol-harbour-railway: Bristol Harbour Railway [title+geo] qid=Q917938 site=no
  bromyard-and-linton-light-railway: Bromyard [geo] qid=Q2277559 site=yes [geo-only-title-differs]
  bure-valley-railway: Bure Valley Railway [title+geo] qid=Q4998335 site=yes
  cairngorm-funicular: Cairngorms [geo] qid=Q747064 site=no [geo-only-title-differs]
  caledonian-railway-brechin: Caledonian Railway (Brechin) [title+geo] qid=Q5019434 site=yes
  cambrian-heritage-railway: Cambrian Heritage Railways [geo] qid=Q5025291 site=yes [geo-only-title-differs]
  central-tramway-scarborough: Central Tramway Company, Scarborough [geo] qid=Q96374669 site=no [geo-only-title-differs]
  chasewater-railway: Chasewater Railway [title+geo] qid=Q5087259 site=yes
   30/183 (checkpoint saved)
  chinnor-and-princes-risborough-railway: Chinnor and Princes Risborough Railway [title+geo] qid=Q5101196 site=yes
  cholsey-and-wallingford-railway: Cholsey and Wallingford Railway [geo] qid=Q5104397 site=yes [geo-only-title-differs]
  churnet-valley-railway: Churnet Valley Railway [title+geo] qid=Q5118309 site=yes
  cleethorpes-coast-light-railway: Cleethorpes Coast Light Railway [title+geo] qid=Q5131055 site=no
  colne-valley-railway: Colne Valley Railway [title+geo] qid=Q868803 site=yes
  corris-railway: Corris Railway [title+geo] qid=Q1135367 site=no
  crich-tramway: National Tramway Museum [geo] qid=Q840246 site=yes [geo-only-title-differs]
  crowle-peatland-railway: Crowle Peatland Railway [title+geo] qid=Q65071801 site=no
  dartmouth-steam-railway: Dartmouth Steam Railway [title+geo] qid=Q5225731 site=yes
  dean-forest-railway: Dean Forest Railway [title+geo] qid=Q5246154 site=yes
   40/183 (checkpoint saved)
  derwent-valley-light-railway: Derwent Valley Light Railway [title+geo] qid=Q5263351 site=no
  devon-railway-centre: Devon Railway Centre [title+geo] qid=Q5267756 site=yes
  didcot-railway-centre: Didcot Railway Centre [title+geo] qid=Q3026852 site=yes
  doon-valley-railway: UNRESOLVED
  east-anglian-railway-museum: East Anglian Railway Museum [title+geo] qid=Q12056851 site=yes
  east-anglian-transport-museum-tramway: East Anglia Transport Museum [geo] qid=Q5327696 site=yes [geo-only-title-differs]
  east-hill-cliff-railway: East Hill Cliff Railway [title+geo] qid=Q4204299 site=no
  east-kent-railway: East Kent Railway [title] qid=Q5328702 site=no [geo-unconfirmed]
  east-lancashire-railway: East Lancashire Railway [title+geo] qid=Q5328784 site=yes
  east-somerset-railway: East Somerset Railway [title] qid=Q1278009 site=yes [geo-unconfirmed]
   50/183 (checkpoint saved)
  east-suffolk-light-railway: East Anglia Transport Museum [geo] qid=Q5327696 site=yes [geo-only-title-differs]
  ebbw-vale-mechanical-link: UNRESOLVED
  ecclesbourne-valley-railway: Ecclesbourne Valley Railway [title+geo] qid=Q5332216 site=yes
  eden-valley-railway: Eden Valley Railway [title] qid=Q5336953 site=no [geo-unconfirmed]
  embsay-and-bolton-abbey-steam-railway: Embsay and Bolton Abbey Steam Railway [geo] qid=Q5370258 site=yes [geo-only-title-differs]
  epping-ongar-railway: Epping Ongar Railway [title+geo] qid=Q1099856 site=yes
  evesham-vale-light-railway: The Valley Railway Adventure [geo] qid=Q5418204 site=yes [geo-only-title-differs]
  fairbourne-railway: Fairbourne Railway [title+geo] qid=Q1393066 site=yes
  fawley-museum-society-limited: Fawley Hill Railway [geo] qid=Q57812673 site=no [geo-only-title-differs]
  fen-railway: UNRESOLVED
   60/183 (checkpoint saved)
  fenland-light-railway: UNRESOLVED [no-center]
  ffestiniog-railway: Ffestiniog Railway [title+geo] qid=Q1410337 site=yes
  fishermans-walk-cliff-lift: Fisherman's Walk Cliff Railway [geo] qid=Q5454905 site=no [geo-only-title-differs]
  foxfield-light-railway: Foxfield Railway [geo] qid=Q5477131 site=yes [geo-only-title-differs]
  gbrf: UNRESOLVED
  gwr-worcester-to-leominster: Rowden Mill railway station [geo] qid=Q7371849 site=no [geo-only-title-differs]
  gartell-light-railway: Gartell Light Railway [title+geo] qid=Q5524319 site=no
  great-bush-railway: Great Bush Railway [title+geo] qid=Q5598915 site=no
  great-central-railway: Great Central Railway [title] qid=Q688684 site=no [geo-unconfirmed]
  great-central-railway-nottingham: Great Central Railway (Nottingham) [title+geo] qid=Q5598945 site=no
   70/183 (checkpoint saved)
  great-orme-tramway: Great Orme Tramway [title+geo] qid=Q1412842 site=yes
  gwili-railway: Gwili Railway [title+geo] qid=Q5623612 site=yes
  halesworth-to-southwold-narrow-gauge-railway-cio: UNRESOLVED [no-center]
  hayling-seaside-railway: Hayling Seaside Railway [title+geo] qid=Q12059713 site=yes
  heatherslaw-light-railway: Heatherslaw Light Railway [title+geo(P625)] qid=Q5694230 site=yes
  heaton-park-tramway: Heaton Park Tramway [title+geo] qid=Q15223453 site=yes
  helston-railway: Helston Railway [title+geo] qid=Q1604583 site=yes
  hollycombe-quarry-railway: UNRESOLVED
  hythe-pier-railway: Hythe Pier, Railway and Ferry [geo] qid=Q5962460 site=no [geo-only-title-differs]
  isle-of-wight-steam-railway: Isle of Wight Steam Railway [title+geo(P625)] qid=Q4345666 site=yes
   80/183 (checkpoint saved)
  keighley-and-worth-valley-railway: Keighley & Worth Valley Railway [title] qid=Q6383594 site=yes [geo-unconfirmed]
  keith-and-dufftown-railway: Keith and Dufftown Railway [title+geo(P625)] qid=Q1911794 site=yes
  kent-and-east-sussex-railway: Kent and East Sussex Railway [title+geo(P625)] qid=Q3195297 site=yes
  kingdom-of-fife-railway-preservation-society: Fife Heritage Railway [geo] qid=Q21997511 site=yes [geo-only-title-differs]
  kingsbridge-and-district-light-railway: Dartmouth, Devon [geo] qid=Q1007083 site=yes [geo-only-title-differs]
  lakeside-and-haverthwaite-railway: Lakeside and Haverthwaite Railway [title+geo] qid=Q6479172 site=yes
  lappa-valley-steam-railway: Lappa Valley Steam Railway [title+geo] qid=Q6488328 site=no
  lathalmond-railway: UNRESOLVED
  launceston-branch: UNRESOLVED
  launceston-steam-railway: Launceston Steam Railway [title+geo] qid=Q1807647 site=yes
   90/183 (checkpoint saved)
  lavender-line: Lavender Line [title+geo] qid=Q6502528 site=yes
  lea-bailey-light-railway: Lea Bailey Light Railway [title+geo] qid=Q16894049 site=yes
  leadhills-and-wanlockhead-railway: Leadhills and Wanlockhead Railway [title+geo] qid=Q6508704 site=no
  leighton-buzzard-light-railway: Leighton Buzzard Light Railway [title+geo] qid=Q3229164 site=yes
  lincolnshire-coast-light-railway: Lincolnshire Coast Light Railway [title+geo] qid=Q16894156 site=no
  lincolnshire-wolds-railway: Lincolnshire Wolds Railway [title+geo] qid=Q6551274 site=yes
  littledale-light-railway: St Paul's Church, Brookhouse [geo] qid=Q7595120 site=yes [geo-only-title-differs]
  llanberis-lake-railway: Llanberis Lake Railway [title+geo(P625)] qid=Q3406209 site=yes
  llanelli-and-mynydd-mawr-railway: Llanelli and Mynydd Mawr Railway [geo] qid=Q14992685 site=no [geo-only-title-differs]
  llangollen-railway: Llangollen Railway [title+geo] qid=Q10967059 site=yes
   100/183 (checkpoint saved)
  ludgershall-branch: Ludgershall, Wiltshire [geo] qid=Q643318 site=yes [geo-only-title-differs]
  lynton-and-barnstaple-railway: Lynton and Barnstaple Railway [geo] qid=Q1219708 site=yes [geo-only-title-differs]
  lynton-and-lynmouth-cliff-railway: Lynton and Lynmouth Cliff Railway [title+geo] qid=Q1541864 site=no
  mail-rail: London Post Office Railway [geo] qid=Q1415097 site=yes [geo-only-title-differs]
  mangapps-railway-museum: Mangapps Railway Museum [title+geo] qid=Q6748826 site=yes
  mid-norfolk-railway: Mid-Norfolk Railway [title+geo] qid=Q6840763 site=yes
  mid-suffolk-light-railway: Mid-Suffolk Light Railway [title+geo] qid=Q130266902 site=no
  middleton-railway: Middleton Railway [title+geo] qid=Q1931930 site=yes
  midland-railway-butterley: Midland Railway – Butterley [title+geo] qid=Q6842428 site=yes
  mountsorrel-and-rothley-community-heritage-centre: UNRESOLVED [no-center]
   110/183 (checkpoint saved)
  national-coal-mining-museum: National Coal Mining Museum for England [geo] qid=Q12062380 site=yes [geo-only-title-differs]
  nene-valley-railway: Nene Valley Railway [title+geo] qid=Q2962386 site=yes
  north-bay-railway: North Bay Railway [title+geo] qid=Q7054101 site=no
  north-dorset-railway: North Dorset Railway [title+geo] qid=Q7496676 site=no
  north-ings-farm-railway: UNRESOLVED [no-center]
  north-norfolk-railway: North Norfolk Railway [title+geo] qid=Q7056196 site=yes
  north-tyneside-steam-railway: North Tyneside Steam Railway [title+geo] qid=Q7057065 site=yes
  north-yorkshire-moors-railway: North Yorkshire Moors Railway [title+geo(P625)] qid=Q1734523 site=yes
  old-kiln-light-railway: Old Kiln Light Railway [title+geo] qid=Q12064739 site=no
  peak-rail: Peak Rail [title+geo] qid=Q7157836 site=yes
   120/183 (checkpoint saved)
  perrygrove-railway: Perrygrove Railway [title+geo] qid=Q7169990 site=no
  plym-valley-railway: Plym Valley Railway [title+geo] qid=Q7205735 site=yes
  pontypool-and-blaenavon-railway: Pontypool and Blaenavon Railway [title] qid=Q7228412 site=yes [geo-unconfirmed]
  ravenglass-and-eskdale-railway: Ravenglass and Eskdale Railway [geo] qid=Q2133644 site=yes [geo-only-title-differs]
  rheilffordd-dyffryn-teifi-teifi-valley-railway: Teifi Valley Railway [geo] qid=Q977280 site=yes [geo-only-title-differs]
  rhiw-valley-light-railway: Rhiw Valley Light Railway [title+geo] qid=Q7320723 site=yes
  ribble-steam-railway: Ribble Steam Railway [title+geo] qid=Q7322243 site=yes
  romney-hythe-and-dymchurch-railway: Romney, Hythe and Dymchurch Railway [geo] qid=Q2090360 site=yes [geo-only-title-differs]
  rother-valley-railway: Rother Valley Railway [title+geo(P625)] qid=Q7370414 site=yes
  royal-deeside-railway: Royal Deeside Railway [title+geo] qid=Q7374101 site=yes
   130/183 (checkpoint saved)
  saltburn-cliff-lift: Saltburn Cliff Lift [title+geo] qid=Q7406053 site=no
  seaton-tramway: Seaton Tramway [title+geo] qid=Q2262420 site=yes
  severn-valley-railway: Severn Valley Railway [title+geo] qid=Q7457957 site=yes
  severn-and-wye-line: Severn Bridge [geo] qid=Q1850537 site=no [geo-only-title-differs]
  shipley-glen-tramway-preservation-co-ltd: Shipley Glen Tramway [geo] qid=Q7498020 site=no [geo-only-title-differs]
  siding-10: UNRESOLVED
  sittingbourne-and-kemsley-light-railway: Sittingbourne and Kemsley Light Railway [title+geo] qid=Q15277995 site=yes
  snowdon-mountain-railway: Snowdon Mountain Railway [title+geo] qid=Q1798093 site=no
  somerset-and-dorset-railway-heritage-trust: Somerset & Dorset Railway Heritage Trust [title+geo] qid=Q7559803 site=yes
  south-cliff-lift: Scarborough funiculars [geo] qid=Q7430325 site=no [geo-only-title-differs]
   140/183 (checkpoint saved)
  south-devon-railway: South Devon Railway (heritage railway) [title+geo] qid=Q2304404 site=yes
  south-tynedale-railway: South Tynedale Railway [title+geo] qid=Q7568688 site=yes
  southend-cliff-lift: Southend Cliff Railway [geo] qid=Q7569539 site=no [geo-only-title-differs]
  southend-pier-railway: Southend Pier Railway [title+geo] qid=Q7569545 site=no
  spa-valley-railway: Spa Valley Railway [title+geo] qid=Q7572155 site=yes
  stainmore-railway: Stainmore Railway Company [geo] qid=Q7597061 site=no [geo-only-title-differs]
  steeple-grange-light-railway: Steeple Grange Light Railway [title+geo] qid=Q7605921 site=yes
  strathspey-railway: Strathspey Railway (preserved) [title+geo] qid=Q7622174 site=yes
  swanage-railway: Swanage Railway [title+geo] qid=Q7653559 site=yes
  swindon-and-cricklade-railway: Swindon and Cricklade Railway [title+geo] qid=Q7658457 site=yes
   150/183 (checkpoint saved)
  talyllyn-railway: Talyllyn Railway [title+geo] qid=Q648932 site=yes
  tanat-valley-light-railway: Tanat Valley Light Railway [title] qid=Q7682325 site=no [geo-unconfirmed]
  tanfield-railway: Tanfield Railway [title+geo] qid=Q7682581 site=yes
  tarka-valley-railway: Tarka Valley Railway [title+geo] qid=Q28401341 site=no
  telford-steam-railway: Telford Steam Railway [title+geo] qid=Q7697216 site=yes
  the-crossness-engines-trust: London King's Cross railway station [geo] qid=Q219867 site=yes [geo-only-title-differs]
  the-great-whipsnade-railway: Great Whipsnade Railway [geo] qid=Q5600230 site=no [geo-only-title-differs]
  the-kidderminster-railway-museum-trust-limited: UNRESOLVED [no-center]
  the-leas-lift: Leas Lift [geo] qid=Q6510262 site=no [geo-only-title-differs]
  toddington-narrow-gauge-railway: Toddington Narrow Gauge Railway [title+geo] qid=Q7055496 site=yes
   160/183 (checkpoint saved)
  tufts-bridge: Dean Forest Railway [geo] qid=Q5246154 site=yes [geo-only-title-differs]
  vale-of-rheidol-railway: Vale of Rheidol Railway [title+geo] qid=Q3309550 site=yes
  vale-of-rheidol-railway-driver-experience-track: Vale of Rheidol Railway [geo] qid=Q3309550 site=yes [geo-only-title-differs]
  vivian-incline: Dinorwic quarry [geo] qid=Q1226688 site=no [geo-only-title-differs]
  volks-electric-railway: Volk's Electric Railway [title+geo] qid=Q378512 site=yes
  watercress-line: Watercress Line [title] qid=Q3187535 site=yes [geo-unconfirmed]
  waveney-valley-railway: Bressingham Steam and Gardens [geo] qid=Q4961884 site=yes [geo-only-title-differs]
  waverley-route-heritage-association: Waverley Route Heritage Association [title+geo] qid=Q7975435 site=no
  weardale-railway: Weardale Railway [title+geo(P625)] qid=Q12072597 site=yes
  wells-and-walsingham-light-railway: Wells and Walsingham Light Railway [geo] qid=Q7981722 site=yes [geo-only-title-differs]
   170/183 (checkpoint saved)
  welsh-highland-railway: Welsh Highland Railway [title+geo] qid=Q286634 site=yes
  welshpool-and-llanfair-light-railway: Welshpool and Llanfair Light Railway [geo] qid=Q2558054 site=yes [geo-only-title-differs]
  wensleydale-railway: Wensleydale Railway [title+geo] qid=Q7982966 site=yes
  west-cliff-lift: West Cliff Railway [geo] qid=Q7984747 site=no [geo-only-title-differs]
  west-hill-cliff-railway: West Hill Cliff Railway [title+geo] qid=Q4109562 site=no
  west-lancashire-light-railway: West Lancashire Light Railway [title+geo] qid=Q7985701 site=no
  west-somerset-railway: West Somerset Railway [title+geo(P625)] qid=Q12072724 site=yes
  westonzoyland-light-railway: Westonzoyland Pumping Station Museum [geo] qid=Q7989510 site=yes [geo-only-title-differs]
  whistlestop-valley: Whistlestop Valley [title+geo] qid=Q6415760 site=yes
  whitwell-and-reepham-railway: UNRESOLVED [no-center]
   180/183 (checkpoint saved)
  wirral-tramway: Wirral Tramway [title+geo] qid=Q8026996 site=no
  yeovil-railway-centre: Yeovil Railway Centre [title] qid=Q8052497 site=yes [no-center]
  yorkshire-wolds-railway: Yorkshire Wolds Railway [title+geo] qid=Q96415828 site=no

── summary ──
{
  "generated_at": "2026-07-30T06:35:19.650Z",
  "total": 183,
  "resolved_website": 114,
  "resolved_wikipedia": 168,
  "wikipedia_but_no_website": 54,
  "resolved_neither": 15,
  "by_confidence": {
    "title+geo": 101,
    "geo": 47,
    "title": 11,
    "title+geo(P625)": 9
  },
  "by_flag": {
    "geo-only-title-differs": 47,
    "no-center": 9,
    "wrong-entity-class": 9,
    "geo-unconfirmed": 8,
    "historic-company": 7
  },
  "flagged_total": 65
}

report: /Users/chaaaron/Documents/GitHub/main/scripts/output/heritage-wikidata-report.md
